26.1             overworld  normal    seed 12345                стадии 0x3   ИДЕНТИЧНО  CPU 8.1 с, GPU 3.3 с
26.1             overworld  normal    seed 12345                стадии 0x7   ИДЕНТИЧНО  CPU 6.0 с, GPU 5.7 с
26.1             overworld  normal    seed 12345                стадии 0xf   ИДЕНТИЧНО  CPU 5.7 с, GPU 10.0 с
26.1             overworld  normal    seed -4172144997902289642 стадии 0x3   ИДЕНТИЧНО  CPU 6.1 с, GPU 4.9 с
26.1             overworld  normal    seed -4172144997902289642 стадии 0x7   ИДЕНТИЧНО  CPU 6.1 с, GPU 6.3 с
26.1             overworld  normal    seed -4172144997902289642 стадии 0xf   ИДЕНТИЧНО  CPU 3.7 с, GPU 6.3 с
26.1             overworld  normal    seed 987654321987         стадии 0x3   ИДЕНТИЧНО  CPU 2.6 с, GPU 3.3 с
26.1             overworld  normal    seed 987654321987         стадии 0x7   ИДЕНТИЧНО  CPU 4.3 с, GPU 4.7 с
26.1             overworld  normal    seed 987654321987         стадии 0xf   ИДЕНТИЧНО  CPU 5.4 с, GPU 4.1 с
26.1             the_nether normal    seed 12345                стадии 0x3   ИДЕНТИЧНО  CPU -1.4 с, GPU 0.7 с
26.1             the_nether normal    seed 12345                стадии 0x7   ИДЕНТИЧНО  CPU 1.2 с, GPU 1.0 с
26.1             the_nether normal    seed 12345                стадии 0xf   ИДЕНТИЧНО  CPU 0.8 с, GPU 1.2 с
26.1             the_nether normal    seed -4172144997902289642 стадии 0x3   ИДЕНТИЧНО  CPU 0.9 с, GPU 0.6 с
26.1             the_nether normal    seed -4172144997902289642 стадии 0x7   ИДЕНТИЧНО  CPU 2.0 с, GPU 1.1 с
26.1             the_nether normal    seed -4172144997902289642 стадии 0xf   ИДЕНТИЧНО  CPU 0.9 с, GPU 1.3 с
26.1             the_nether normal    seed 987654321987         стадии 0x3   ИДЕНТИЧНО  CPU 1.0 с, GPU 0.5 с
26.1             the_nether normal    seed 987654321987         стадии 0x7   ИДЕНТИЧНО  CPU 1.2 с, GPU 1.3 с
26.1             the_nether normal    seed 987654321987         стадии 0xf   ИДЕНТИЧНО  CPU 2.4 с, GPU 2.0 с
26.1             the_end    normal    seed 12345                стадии 0x3   ИДЕНТИЧНО  CPU 1.0 с, GPU 0.9 с
26.1             the_end    normal    seed 12345                стадии 0x7   ИДЕНТИЧНО  CPU 0.6 с, GPU 0.5 с
26.1             the_end    normal    seed 12345                стадии 0xf   ИДЕНТИЧНО  CPU 0.7 с, GPU 0.6 с
26.1             the_end    normal    seed -4172144997902289642 стадии 0x3   ИДЕНТИЧНО  CPU 1.4 с, GPU 1.6 с
26.1             the_end    normal    seed -4172144997902289642 стадии 0x7   ИДЕНТИЧНО  CPU 2.6 с, GPU 1.2 с
26.1             the_end    normal    seed -4172144997902289642 стадии 0xf   ИДЕНТИЧНО  CPU 3.7 с, GPU 2.3 с
26.1             the_end    normal    seed 987654321987         стадии 0x3   ИДЕНТИЧНО  CPU 1.6 с, GPU 2.0 с
26.1             the_end    normal    seed 987654321987         стадии 0x7   ИДЕНТИЧНО  CPU 3.0 с, GPU 3.4 с
26.1             the_end    normal    seed 987654321987         стадии 0xf   ИДЕНТИЧНО  CPU 2.9 с, GPU 2.8 с
26.3             overworld  normal    seed 12345                стадии 0x3   ИДЕНТИЧНО  CPU 1.5 с, GPU 1.3 с
26.3             overworld  normal    seed 12345                стадии 0x7   ИДЕНТИЧНО  CPU 2.6 с, GPU -0.2 с
26.3             overworld  normal    seed 12345                стадии 0xf   ИДЕНТИЧНО  CPU 4.2 с, GPU 3.6 с
26.3             overworld  normal    seed -4172144997902289642 стадии 0x3   ИДЕНТИЧНО  CPU 1.9 с, GPU 1.3 с
26.3             overworld  normal    seed -4172144997902289642 стадии 0x7   ИДЕНТИЧНО  CPU 3.2 с, GPU 7.2 с
26.3             overworld  normal    seed -4172144997902289642 стадии 0xf   ИДЕНТИЧНО  CPU 3.8 с, GPU 2.4 с
26.3             overworld  normal    seed 987654321987         стадии 0x3   ИДЕНТИЧНО  CPU 1.6 с, GPU 1.5 с
26.3             overworld  normal    seed 987654321987         стадии 0x7   ИДЕНТИЧНО  CPU 0.1 с, GPU 2.1 с
26.3             overworld  normal    seed 987654321987         стадии 0xf   ИДЕНТИЧНО  CPU 2.3 с, GPU 2.1 с
26.3             the_nether normal    seed 12345                стадии 0x3   ИДЕНТИЧНО  CPU 0.5 с, GPU 0.8 с
26.3             the_nether normal    seed 12345                стадии 0x7   ИДЕНТИЧНО  CPU 0.9 с, GPU 1.2 с
26.3             the_nether normal    seed 12345                стадии 0xf   ИДЕНТИЧНО  CPU 1.3 с, GPU 1.3 с
26.3             the_nether normal    seed -4172144997902289642 стадии 0x3   ИДЕНТИЧНО  CPU 0.5 с, GPU 1.1 с
26.3             the_nether normal    seed -4172144997902289642 стадии 0x7   ИДЕНТИЧНО  CPU 1.0 с, GPU 1.7 с
26.3             the_nether normal    seed -4172144997902289642 стадии 0xf   ИДЕНТИЧНО  CPU 2.4 с, GPU 2.3 с
26.3             the_nether normal    seed 987654321987         стадии 0x3   ИДЕНТИЧНО  CPU 0.5 с, GPU 0.9 с
26.3             the_nether normal    seed 987654321987         стадии 0x7   ИДЕНТИЧНО  CPU 1.3 с, GPU 2.5 с
26.3             the_nether normal    seed 987654321987         стадии 0xf   ИДЕНТИЧНО  CPU 1.5 с, GPU 2.4 с
26.3             the_end    normal    seed 12345                стадии 0x3   ИДЕНТИЧНО  CPU 0.6 с, GPU 1.5 с
26.3             the_end    normal    seed 12345                стадии 0x7   ИДЕНТИЧНО  CPU 0.6 с, GPU 1.3 с
26.3             the_end    normal    seed 12345                стадии 0xf   ИДЕНТИЧНО  CPU 1.4 с, GPU 1.2 с
26.3             the_end    normal    seed -4172144997902289642 стадии 0x3   ИДЕНТИЧНО  CPU 1.1 с, GPU 1.5 с
26.3             the_end    normal    seed -4172144997902289642 стадии 0x7   ИДЕНТИЧНО  CPU 2.9 с, GPU 3.4 с
26.3             the_end    normal    seed -4172144997902289642 стадии 0xf   ИДЕНТИЧНО  CPU 2.2 с, GPU 3.0 с
26.3             the_end    normal    seed 987654321987         стадии 0x3   ИДЕНТИЧНО  CPU 2.5 с, GPU 1.8 с
26.3             the_end    normal    seed 987654321987         стадии 0x7   ИДЕНТИЧНО  CPU 2.0 с, GPU 0.5 с
26.3             the_end    normal    seed 987654321987         стадии 0xf   ИДЕНТИЧНО  CPU 2.1 с, GPU 3.4 с
26.4-snapshot-2  overworld  normal    seed 12345                стадии 0x3   ИДЕНТИЧНО  CPU 1.5 с, GPU 1.7 с
26.4-snapshot-2  overworld  normal    seed 12345                стадии 0x7   ИДЕНТИЧНО  CPU 3.2 с, GPU 2.8 с
26.4-snapshot-2  overworld  normal    seed 12345                стадии 0xf   ИДЕНТИЧНО  CPU 3.3 с, GPU 2.8 с
26.4-snapshot-2  overworld  normal    seed -4172144997902289642 стадии 0x3   ИДЕНТИЧНО  CPU 1.5 с, GPU 1.4 с
26.4-snapshot-2  overworld  normal    seed -4172144997902289642 стадии 0x7   ИДЕНТИЧНО  CPU 2.5 с, GPU 2.3 с
26.4-snapshot-2  overworld  normal    seed -4172144997902289642 стадии 0xf   ИДЕНТИЧНО  CPU 0.4 с, GPU 2.4 с
26.4-snapshot-2  overworld  normal    seed 987654321987         стадии 0x3   ИДЕНТИЧНО  CPU 1.3 с, GPU 1.4 с
26.4-snapshot-2  overworld  normal    seed 987654321987         стадии 0x7   ИДЕНТИЧНО  CPU 1.9 с, GPU 1.8 с
26.4-snapshot-2  overworld  normal    seed 987654321987         стадии 0xf   ИДЕНТИЧНО  CPU 2.0 с, GPU 1.9 с
26.4-snapshot-2  the_nether normal    seed 12345                стадии 0x3   ИДЕНТИЧНО  CPU 0.4 с, GPU 0.9 с
26.4-snapshot-2  the_nether normal    seed 12345                стадии 0x7   ИДЕНТИЧНО  CPU 0.8 с, GPU 1.0 с
26.4-snapshot-2  the_nether normal    seed 12345                стадии 0xf   ИДЕНТИЧНО  CPU 1.0 с, GPU 1.1 с
26.4-snapshot-2  the_nether normal    seed -4172144997902289642 стадии 0x3   ИДЕНТИЧНО  CPU 0.4 с, GPU 0.8 с
26.4-snapshot-2  the_nether normal    seed -4172144997902289642 стадии 0x7   ИДЕНТИЧНО  CPU 0.8 с, GPU 1.1 с
26.4-snapshot-2  the_nether normal    seed -4172144997902289642 стадии 0xf   ИДЕНТИЧНО  CPU 1.2 с, GPU 1.3 с
26.4-snapshot-2  the_nether normal    seed 987654321987         стадии 0x3   ИДЕНТИЧНО  CPU 0.4 с, GPU 0.7 с
26.4-snapshot-2  the_nether normal    seed 987654321987         стадии 0x7   ИДЕНТИЧНО  CPU 1.3 с, GPU 1.2 с
26.4-snapshot-2  the_nether normal    seed 987654321987         стадии 0xf   ИДЕНТИЧНО  CPU 0.8 с, GPU 1.2 с
26.4-snapshot-2  the_end    normal    seed 12345                стадии 0x3   ИДЕНТИЧНО  CPU -1.7 с, GPU 1.3 с
26.4-snapshot-2  the_end    normal    seed 12345                стадии 0x7   ИДЕНТИЧНО  CPU 0.4 с, GPU 0.7 с
26.4-snapshot-2  the_end    normal    seed 12345                стадии 0xf   ИДЕНТИЧНО  CPU 0.5 с, GPU 0.8 с
26.4-snapshot-2  the_end    normal    seed -4172144997902289642 стадии 0x3   ИДЕНТИЧНО  CPU 1.7 с, GPU 1.4 с
26.4-snapshot-2  the_end    normal    seed -4172144997902289642 стадии 0x7   ИДЕНТИЧНО  CPU 1.8 с, GPU 2.6 с
26.4-snapshot-2  the_end    normal    seed -4172144997902289642 стадии 0xf   ИДЕНТИЧНО  CPU 1.7 с, GPU 2.3 с
26.4-snapshot-2  the_end    normal    seed 987654321987         стадии 0x3   ИДЕНТИЧНО  CPU 1.0 с, GPU 1.6 с
26.4-snapshot-2  the_end    normal    seed 987654321987         стадии 0x7   ИДЕНТИЧНО  CPU 2.0 с, GPU 2.2 с
26.4-snapshot-2  the_end    normal    seed 987654321987         стадии 0xf   ИДЕНТИЧНО  CPU 1.8 с, GPU 2.5 с
ИТОГО: пар 81, различающихся 0
